[4170, 2909, 13]
[4170, 2913, 13]
[4170, 2925, 13]
[4170, 2926, 13]
[4170, 2928, 13]
[4170, 2930, 13]
[4170, 2931, 13]
[4170, 2932, 13]
[4170, 2933, 13]
[4170, 2935, 13]
[4170, 2936, 13]
[4170, 2939, 13]
[4170, 2944, 13]
[4170, 2945, 13]
[4170, 2949, 13]
[4170, 2953, 13]
[4170, 2957, 13]
[4170, 2958, 13]
[4170, 2960, 13]
[4170, 2966, 13]
[4170, 2967, 13]
[4170, 2968, 13]
[4170, 2973, 13]
[4170, 2978, 13]
[4170, 2980, 13]
[4170, 2981, 13]
[4170, 2988, 13]
[4170, 2990, 13]
[4170, 2991, 13]
[4170, 2999, 13]
[4170, 3004, 13]
[4170, 3030, 13]
[4170, 3031, 13]
[4170, 3035, 13]
[4170, 3039, 13]
[4170, 3042, 13]
[4170, 3045, 13]
[4170, 3108, 13]
[4170, 3110, 13]
[4170, 3111, 13]
[4170, 3112, 13]
[4170, 3114, 13]
[4170, 3118, 13]
[4170, 3121, 13]
[4171, 2727, 13]
[4171, 2732, 13]
[4171, 2737, 13]
[4171, 2738, 13]
[4171, 2740, 13]
[4171, 2752, 13]
[4171, 2755, 13]
[4171, 2759, 13]
[4171, 2762, 13]
[4171, 2763, 13]
[4171, 2765, 13]
[4171, 2771, 13]
[4171, 2772, 13]
[4171, 2774, 13]
[4171, 2775, 13]
[4171, 2790, 13]
[4171, 2792, 13]
[4171, 2798, 13]
[4171, 2800, 13]
[4171, 2802, 13]
[4171, 2805, 13]
[4171, 2815, 13]
[4171, 2821, 13]
[4171, 2827, 13]
[4171, 2839, 13]
[4171, 2842, 13]
[4171, 2843, 13]
[4171, 2849, 13]
[4171, 2852, 13]
[4171, 2859, 13]
[4171, 2865, 13]
[4171, 2872, 13]
[4171, 2873, 13]
[4171, 2876, 13]
[4171, 2884, 13]
[4171, 2891, 13]
[4171, 2895, 13]
[4171, 2909, 13]
[4171, 2913, 13]
[4171, 2916, 13]
[4171, 2922, 13]
[4171, 2926, 13]
[4171, 2940, 13]
[4171, 2943, 13]
[4171, 2944, 13]
[4171, 2947, 13]
[4171, 2948, 13]
[4171, 2955, 13]
[4171, 2958, 13]
[4171, 2959, 13]
[4171, 2966, 13]
[4171, 2967, 13]
[4171, 2968, 13]
[4171, 2969, 13]
[4171, 2976, 13]
[4171, 2979, 13]
[4171, 2980, 13]
[4171, 2983, 13]
[4171, 2990, 13]
[4171, 2997, 13]
[4171, 3000, 13]
[4171, 3030, 13]
[4171, 3032, 13]
[4171, 3111, 13]
[4171, 3112, 13]
[4171, 3113, 13]
[4172, 2728, 13]
[4172, 2729, 13]
[4172, 2734, 13]
[4172, 2739, 13]
[4172, 2743, 13]
[4172, 2745, 13]
[4172, 2749, 13]
[4172, 2754, 13]
[4172, 2760, 13]
[4172, 2762, 13]
[4172, 2764, 13]
[4172, 2765, 13]
[4172, 2769, 13]
[4172, 2771, 13]
[4172, 2773, 13]
[4172, 2774, 13]
[4172, 2775, 13]
[4172, 2777, 13]
[4172, 2779, 13]
[4172, 2781, 13]
[4172, 2782, 13]
[4172, 2784, 13]
[4172, 2787, 13]
[4172, 2789, 13]
[4172, 2790, 13]
[4172, 2793, 13]
[4172, 2794, 13]
[4172, 2795, 13]
[4172, 2796, 13]
[4172, 2806, 13]
[4172, 2808, 13]
[4172, 2817, 13]
[4172, 2820, 13]
[4172, 2823, 13]
[4172, 2825, 13]
[4172, 2826, 13]
[4172, 2827, 13]
[4172, 2828, 13]
[4172, 2829, 13]
[4172, 2833, 13]
[4172, 2835, 13]
[4172, 2836, 13]
[4172, 2837, 13]
[4172, 2838, 13]
[4172, 2839, 13]
[4172, 2844, 13]
[4172, 2849, 13]
[4172, 2852, 13]
[4172, 2857, 13]
[4172, 2859, 13]
[4172, 2861, 13]
[4172, 2862, 13]
[4172, 2864, 13]
[4172, 2865, 13]
[4172, 2873, 13]
[4172, 2874, 13]
[4172, 2879, 13]
[4172, 2880, 13]
[4172, 2881, 13]
[4172, 2883, 13]
[4172, 2884, 13]
[4172, 2885, 13]
[4172, 2886, 13]
[4172, 2888, 13]
[4172, 2889, 13]
[4172, 2891, 13]
[4172, 2892, 13]
[4172, 2893, 13]
[4172, 2894, 13]
[4172, 2895, 13]
[4172, 2896, 13]
[4172, 2901, 13]
[4172, 2903, 13]
[4172, 2904, 13]
[4172, 2907, 13]
[4172, 2908, 13]
[4172, 2909, 13]
[4172, 2910, 13]
[4172, 2912, 13]
[4172, 2913, 13]
[4172, 2915, 13]
[4172, 2916, 13]
[4172, 2917, 13]
[4172, 2918, 13]
[4172, 2924, 13]
[4172, 2926, 13]
[4172, 2929, 13]
[4172, 2932, 13]
[4172, 2933, 13]
[4172, 2934, 13]
[4172, 2935, 13]
[4172, 2936, 13]
[4172, 2937, 13]
[4172, 2938, 13]
[4172, 2939, 13]
[4172, 2941, 13]
[4172, 2943, 13]
[4172, 2944, 13]
[4172, 2945, 13]
[4172, 2946, 13]
[4172, 2947, 13]
[4172, 2951, 13]
[4172, 2952, 13]
[4172, 2953, 13]
[4172, 2954, 13]
[4172, 2956, 13]
[4172, 2958, 13]
[4172, 2960, 13]
[4172, 2963, 13]
[4172, 2964, 13]
[4172, 2965, 13]
[4172, 2967, 13]
[4172, 2968, 13]
[4172, 2969, 13]
[4172, 2970, 13]
[4172, 2971, 13]
[4172, 2972, 13]
[4172, 2974, 13]
[4172, 2975, 13]
[4172, 2977, 13]
[4172, 2979, 13]
[4172, 2980, 13]
[4172, 2981, 13]
[4172, 2982, 13]
[4172, 2987, 13]
[4172, 2988, 13]
[4172, 2989, 13]
[4172, 2990, 13]
[4172, 2991, 13]
[4172, 2992, 13]
[4172, 2994, 13]
[4172, 2995, 13]
[4172, 2997, 13]
[4172, 2999, 13]
[4172, 3002, 13]
[4172, 3003, 13]
[4172, 3029, 13]
[4172, 3031, 13]
[4172, 3032, 13]
[4172, 3033, 13]
[4172, 3106, 13]
[4172, 3107, 13]
[4172, 3108, 13]
[4172, 3109, 13]
[4172, 3110, 13]
[4172, 3113, 13]
[4172, 3114, 13]
[4172, 3116, 13]
[4172, 3117, 13]
[4173, 2728, 13]
[4173, 2729, 13]
[4173, 2730, 13]
[4173, 2735, 13]
[4173, 2738, 13]
[4173, 2739, 13]
[4173, 2740, 13]
[4173, 2742, 13]
[4173, 2744, 13]
[4173, 2745, 13]
[4173, 2748, 13]
[4173, 2750, 13]
[4173, 2753, 13]
[4173, 2756, 13]
[4173, 2757, 13]
[4173, 2758, 13]
[4173, 2760, 13]
[4173, 2761, 13]
[4173, 2762, 13]
[4173, 2765, 13]
[4173, 2767, 13]
[4173, 2770, 13]
[4173, 2772, 13]
[4173, 2776, 13]
[4173, 2777, 13]
[4173, 2779, 13]
[4173, 2781, 13]
[4173, 2782, 13]
[4173, 2783, 13]
[4173, 2784, 13]
[4173, 2787, 13]
[4173, 2788, 13]
[4173, 2789, 13]
[4173, 2792, 13]
[4173, 2793, 13]
[4173, 2796, 13]
[4173, 2799, 13]
[4173, 2803, 13]
[4173, 2804, 13]
[4173, 2808, 13]
[4173, 2811, 13]
[4173, 2812, 13]
[4173, 2814, 13]
[4173, 2815, 13]
[4173, 2817, 13]
[4173, 2818, 13]
[4173, 2820, 13]
[4173, 2822, 13]
[4173, 2825, 13]
[4173, 2826, 13]
[4173, 2830, 13]
[4173, 2831, 13]
[4173, 2833, 13]
[4173, 2834, 13]
[4173, 2835, 13]
[4173, 2837, 13]
[4173, 2838, 13]
[4173, 2839, 13]
[4173, 2844, 13]
[4173, 2845, 13]
[4173, 2848, 13]
[4173, 2850, 13]
[4173, 2856, 13]
[4173, 2857, 13]
[4173, 2859, 13]
[4173, 2862, 13]
[4173, 2863, 13]
[4173, 2864, 13]
[4173, 2865, 13]
[4173, 2868, 13]
[4173, 2872, 13]
[4173, 2874, 13]
[4173, 2877, 13]
[4173, 2879, 13]
[4173, 2881, 13]
[4173, 2883, 13]
[4173, 2884, 13]
[4173, 2886, 13]
[4173, 2887, 13]
[4173, 2888, 13]
[4173, 2889, 13]
[4173, 2891, 13]
[4173, 2893, 13]
[4173, 2895, 13]
[4173, 2896, 13]
[4173, 2898, 13]
[4173, 2899, 13]
[4173, 2901, 13]
[4173, 2902, 13]
[4173, 2903, 13]
[4173, 2904, 13]
[4173, 2905, 13]
[4173, 2906, 13]
[4173, 2907, 13]
[4173, 2908, 13]
[4173, 2909, 13]
[4173, 2912, 13]
[4173, 2915, 13]
[4173, 2916, 13]
[4173, 2918, 13]
[4173, 2919, 13]
[4173, 2922, 13]
[4173, 2923, 13]
[4173, 2924, 13]
[4173, 2925, 13]
[4173, 2926, 13]
[4173, 2927, 13]
[4173, 2929, 13]
[4173, 2930, 13]
[4173, 2932, 13]
[4173, 2935, 13]
[4173, 2938, 13]
[4173, 2940, 13]
[4173, 2941, 13]
[4173, 2942, 13]
[4173, 2944, 13]
[4173, 2946, 13]
[4173, 2947, 13]
[4173, 2951, 13]
[4173, 2952, 13]
[4173, 2953, 13]
[4173, 2954, 13]
[4173, 2955, 13]
[4173, 2956, 13]
[4173, 2959, 13]
[4173, 2960, 13]
[4173, 2963, 13]
[4173, 2969, 13]
[4173, 2972, 13]
[4173, 2974, 13]
[4173, 2975, 13]
[4173, 2977, 13]
[4173, 2978, 13]
[4173, 2979, 13]
[4173, 2981, 13]
[4173, 2982, 13]
[4173, 2983, 13]
[4173, 2985, 13]
[4173, 2986, 13]
[4173, 2987, 13]
[4173, 2990, 13]
[4173, 2992, 13]
[4173, 2994, 13]
[4173, 2995, 13]
[4173, 2996, 13]
[4173, 2997, 13]
[4173, 2998, 13]
[4173, 3000, 13]
[4173, 3001, 13]
[4173, 3029, 13]
[4173, 3032, 13]
[4173, 3106, 13]
[4173, 3108, 13]
[4173, 3109, 13]
[4173, 3111, 13]
[4173, 3112, 13]
[4173, 3113, 13]
[4173, 3114, 13]
[4173, 3115, 13]
[4174, 2720, 13]
[4174, 2722, 13]
[4174, 2723, 13]
[4174, 2724, 13]
[4174, 2725, 13]
[4174, 2730, 13]
[4174, 2731, 13]
[4174, 2732, 13]
[4174, 2733, 13]
[4174, 2734, 13]
[4174, 2736, 13]
[4174, 2738, 13]
[4174, 2739, 13]
[4174, 2740, 13]
[4174, 2741, 13]
[4174, 2743, 13]
[4174, 2746, 13]
[4174, 2747, 13]
[4174, 2748, 13]
[4174, 2749, 13]
[4174, 2750, 13]
[4174, 2751, 13]
[4174, 2752, 13]
[4174, 2753, 13]
[4174, 2754, 13]
[4174, 2755, 13]
[4174, 2756, 13]
[4174, 2758, 13]
[4174, 2759, 13]
[4174, 2760, 13]
[4174, 2761, 13]
[4174, 2762, 13]
[4174, 2763, 13]
[4174, 2764, 13]
[4174, 2766, 13]
[4174, 2767, 13]
[4174, 2768, 13]
[4174, 2771, 13]
[4174, 2772, 13]
[4174, 2774, 13]
[4174, 2775, 13]
[4174, 2776, 13]
[4174, 2777, 13]
[4174, 2780, 13]
[4174, 2781, 13]
[4174, 2782, 13]
[4174, 2783, 13]
[4174, 2784, 13]
[4174, 2785, 13]
[4174, 2786, 13]
[4174, 2787, 13]
[4174, 2789, 13]
[4174, 2790, 13]
[4174, 2791, 13]
[4174, 2793, 13]
[4174, 2795, 13]
[4174, 2799, 13]
[4174, 2800, 13]
[4174, 2801, 13]
[4174, 2802, 13]
[4174, 2804, 13]
[4174, 2806, 13]
[4174, 2807, 13]
[4174, 2808, 13]
[4174, 2809, 13]
[4174, 2811, 13]
[4174, 2812, 13]
[4174, 2814, 13]
[4174, 2816, 13]
[4174, 2818, 13]
[4174, 2819, 13]
[4174, 2820, 13]
[4174, 2821, 13]
[4174, 2822, 13]
[4174, 2823, 13]
[4174, 2824, 13]
[4174, 2826, 13]
[4174, 2827, 13]
[4174, 2829, 13]
[4174, 2830, 13]
[4174, 2832, 13]
[4174, 2833, 13]
[4174, 2834, 13]
[4174, 2835, 13]
[4174, 2836, 13]
[4174, 2837, 13]
[4174, 2839, 13]
[4174, 2840, 13]
[4174, 2841, 13]
[4174, 2842, 13]
[4174, 2844, 13]
[4174, 2845, 13]
[4174, 2846, 13]
[4174, 2847, 13]
[4174, 2850, 13]
[4174, 2851, 13]
[4174, 2852, 13]
[4174, 2853, 13]
[4174, 2854, 13]
[4174, 2856, 13]
[4174, 2857, 13]
[4174, 2858, 13]
[4174, 2859, 13]
[4174, 2860, 13]
[4174, 2861, 13]
[4174, 2862, 13]
[4174, 2864, 13]
[4174, 2865, 13]
[4174, 2866, 13]
[4174, 2867, 13]
[4174, 2868, 13]
[4174, 2869, 13]
[4174, 2870, 13]
[4174, 2871, 13]
[4174, 2872, 13]
[4174, 2873, 13]
[4174, 2874, 13]
[4174, 2875, 13]
[4174, 2876, 13]
[4174, 2877, 13]
[4174, 2883, 13]
[4174, 2885, 13]
[4174, 2889, 13]
[4174, 2891, 13]
[4174, 2892, 13]
[4174, 2893, 13]
[4174, 2894, 13]
[4174, 2895, 13]
[4174, 2897, 13]
[4174, 2898, 13]
[4174, 2901, 13]
[4174, 2903, 13]
[4174, 2906, 13]
[4174, 2907, 13]
[4174, 2909, 13]
[4174, 2910, 13]
[4174, 2911, 13]
[4174, 2912, 13]
[4174, 2913, 13]
[4174, 2915, 13]
[4174, 2917, 13]
[4174, 2918, 13]
[4174, 2921, 13]
[4174, 2925, 13]
[4174, 2927, 13]
[4174, 2928, 13]
[4174, 2929, 13]
[4174, 2930, 13]
[4174, 2931, 13]
[4174, 2932, 13]
[4174, 2933, 13]
[4174, 2934, 13]
[4174, 2935, 13]
[4174, 2936, 13]
[4174, 2937, 13]
[4174, 2938, 13]
[4174, 2940, 13]
[4174, 2942, 13]
[4174, 2943, 13]
[4174, 2944, 13]
[4174, 2945, 13]
[4174, 2946, 13]
[4174, 2948, 13]
[4174, 2949, 13]
[4174, 2950, 13]
[4174, 2951, 13]
[4174, 2952, 13]
[4174, 2954, 13]
[4174, 2956, 13]
[4174, 2958, 13]
[4174, 2959, 13]
[4174, 2960, 13]
[4174, 2961, 13]
[4174, 2963, 13]
[4174, 2964, 13]
[4174, 2965, 13]
[4174, 2966, 13]
[4174, 2967, 13]
[4174, 2968, 13]
[4174, 2969, 13]
[4174, 2971, 13]
[4174, 2972, 13]
[4174, 2973, 13]
[4174, 2974, 13]
[4174, 2975, 13]
[4174, 2976, 13]
[4174, 2977, 13]
[4174, 2979, 13]
[4174, 2980, 13]
[4174, 2981, 13]
[4174, 2986, 13]
[4174, 2987, 13]
[4174, 2988, 13]
[4174, 2989, 13]
[4174, 2990, 13]
[4174, 2991, 13]
[4174, 2992, 13]
[4174, 2994, 13]
[4174, 2995, 13]
[4174, 2997, 13]
[4174, 2998, 13]
[4174, 2999, 13]
[4174, 3000, 13]
[4174, 3001, 13]
[4174, 3002, 13]
[4174, 3029, 13]
[4174, 3031, 13]
[4174, 3032, 13]
[4174, 3106, 13]
[4174, 3107, 13]
[4174, 3108, 13]
[4174, 3109, 13]
[4174, 3110, 13]
[4174, 3111, 13]
[4174, 3112, 13]
[4174, 3113, 13]
[4174, 3114, 13]
[4175, 2720, 13]
[4175, 2722, 13]
[4175, 2723, 13]
[4175, 2727, 13]
[4175, 2728, 13]
[4175, 2729, 13]
[4175, 2733, 13]
[4175, 2736, 13]
[4175, 2738, 13]
[4175, 2743, 13]
[4175, 2746, 13]
[4175, 2748, 13]
[4175, 2749, 13]
[4175, 2753, 13]
[4175, 2755, 13]
[4175, 2756, 13]
[4175, 2757, 13]
[4175, 2759, 13]
[4175, 2769, 13]
[4175, 2771, 13]
[4175, 2772, 13]
[4175, 2773, 13]
[4175, 2774, 13]
[4175, 2777, 13]
[4175, 2778, 13]
[4175, 2779, 13]
[4175, 2781, 13]
[4175, 2783, 13]
[4175, 2784, 13]
[4175, 2790, 13]
[4175, 2793, 13]
[4175, 2794, 13]
[4175, 2796, 13]
[4175, 2798, 13]
[4175, 2799, 13]
[4175, 2801, 13]
[4175, 2802, 13]
[4175, 2804, 13]
[4175, 2806, 13]
[4175, 2813, 13]
[4175, 2816, 13]
[4175, 2817, 13]
[4175, 2818, 13]
[4175, 2822, 13]
[4175, 2824, 13]
[4175, 2826, 13]
[4175, 2833, 13]
[4175, 2836, 13]
[4175, 2838, 13]
[4175, 2839, 13]
[4175, 2840, 13]
[4175, 2842, 13]
[4175, 2843, 13]
[4175, 2844, 13]
[4175, 2847, 13]
[4175, 2851, 13]
[4175, 2852, 13]
[4175, 2856, 13]
[4175, 2858, 13]
[4175, 2865, 13]
[4175, 2866, 13]
[4175, 2868, 13]
[4175, 2870, 13]
[4175, 2872, 13]
[4175, 2874, 13]
[4175, 2878, 13]
[4175, 2879, 13]
[4175, 2880, 13]
[4175, 2882, 13]
[4175, 2883, 13]
[4175, 2889, 13]
[4175, 2890, 13]
[4175, 2891, 13]
[4175, 2894, 13]
[4175, 2895, 13]
[4175, 2897, 13]
[4175, 2898, 13]
[4175, 2899, 13]
[4175, 2901, 13]
[4175, 2903, 13]
[4175, 2904, 13]
[4175, 2905, 13]
[4175, 2906, 13]
[4175, 2909, 13]
[4175, 2913, 13]
[4175, 2915, 13]
[4175, 2916, 13]
[4175, 2917, 13]
[4175, 2918, 13]
[4175, 2920, 13]
[4175, 2923, 13]
[4175, 2924, 13]
[4175, 2925, 13]
[4175, 2930, 13]
[4175, 2932, 13]
[4175, 2933, 13]
[4175, 2935, 13]
[4175, 2936, 13]
[4175, 2940, 13]
[4175, 2944, 13]
[4175, 2946, 13]
[4175, 2948, 13]
[4175, 2949, 13]
[4175, 2951, 13]
[4175, 2953, 13]
[4175, 2954, 13]
[4175, 2956, 13]
[4175, 2958, 13]
[4175, 2961, 13]
[4175, 2962, 13]
[4175, 2963, 13]
[4175, 2967, 13]
[4175, 2969, 13]
[4175, 2970, 13]
[4175, 2971, 13]
[4175, 2975, 13]
[4175, 2977, 13]
[4175, 2978, 13]
[4175, 2979, 13]
[4175, 2982, 13]
[4175, 2984, 13]
[4175, 2985, 13]
[4175, 2986, 13]
[4175, 2988, 13]
[4175, 2989, 13]
[4175, 2991, 13]
[4175, 2992, 13]
[4175, 2993, 13]
[4175, 2995, 13]
[4175, 2996, 13]
[4175, 2997, 13]
[4175, 2999, 13]
[4175, 3000, 13]
[4175, 3106, 13]
[4175, 3108, 13]
[4175, 3109, 13]
[4175, 3110, 13]
[4175, 3111, 13]
[4175, 3112, 13]
[4175, 3114, 13]
[4176, 2717, 13]
[4176, 2719, 13]
[4176, 2720, 13]
[4176, 2721, 13]
[4176, 2722, 13]
[4176, 2723, 13]
[4176, 2724, 13]
[4176, 2726, 13]
[4176, 2727, 13]
[4176, 2729, 13]
[4176, 2730, 13]
[4176, 2732, 13]
[4176, 2733, 13]
[4176, 2735, 13]
[4176, 2736, 13]
[4176, 2737, 13]
[4176, 2738, 13]
[4176, 2739, 13]
[4176, 2740, 13]
[4176, 2741, 13]
[4176, 2743, 13]
[4176, 2744, 13]
[4176, 2745, 13]
[4176, 2746, 13]
[4176, 2747, 13]
[4176, 2748, 13]
[4176, 2749, 13]
[4176, 2750, 13]
[4176, 2752, 13]
[4176, 2753, 13]
[4176, 2754, 13]
[4176, 2756, 13]
[4176, 2759, 13]
[4176, 2760, 13]
[4176, 2761, 13]
[4176, 2762, 13]
[4176, 2763, 13]
[4176, 2764, 13]
[4176, 2765, 13]
[4176, 2766, 13]
[4176, 2767, 13]
[4176, 2768, 13]
[4176, 2770, 13]
[4176, 2771, 13]
[4176, 2774, 13]
[4176, 2775, 13]
[4176, 2777, 13]
[4176, 2779, 13]
[4176, 2780, 13]
[4176, 2781, 13]
[4176, 2782, 13]
[4176, 2783, 13]
[4176, 2784, 13]
[4176, 2785, 13]
[4176, 2786, 13]
[4176, 2787, 13]
[4176, 2789, 13]
[4176, 2790, 13]
[4176, 2791, 13]
[4176, 2792, 13]
[4176, 2794, 13]
[4176, 2795, 13]
[4176, 2796, 13]
[4176, 2799, 13]
[4176, 2800, 13]
[4176, 2802, 13]
[4176, 2803, 13]
[4176, 2805, 13]
[4176, 2806, 13]
[4176, 2807, 13]
[4176, 2808, 13]
[4176, 2809, 13]
[4176, 2810, 13]
[4176, 2811, 13]
[4176, 2812, 13]
[4176, 2813, 13]
[4176, 2814, 13]
[4176, 2815, 13]
[4176, 2817, 13]
[4176, 2819, 13]
[4176, 2820, 13]
[4176, 2821, 13]
[4176, 2822, 13]
[4176, 2823, 13]
[4176, 2824, 13]
[4176, 2825, 13]
[4176, 2827, 13]
[4176, 2829, 13]
[4176, 2830, 13]
[4176, 2831, 13]
[4176, 2832, 13]
[4176, 2833, 13]
[4176, 2834, 13]
[4176, 2835, 13]
[4176, 2836, 13]
[4176, 2837, 13]
[4176, 2838, 13]
[4176, 2840, 13]
[4176, 2841, 13]
[4176, 2842, 13]
[4176, 2844, 13]
[4176, 2847, 13]
[4176, 2848, 13]
[4176, 2849, 13]
[4176, 2850, 13]
[4176, 2851, 13]
[4176, 2852, 13]
[4176, 2853, 13]
[4176, 2854, 13]
[4176, 2855, 13]
[4176, 2856, 13]
[4176, 2857, 13]
[4176, 2859, 13]
[4176, 2860, 13]
[4176, 2861, 13]
[4176, 2862, 13]
[4176, 2863, 13]
[4176, 2864, 13]
[4176, 2865, 13]
[4176, 2866, 13]
[4176, 2867, 13]
[4176, 2868, 13]
[4176, 2869, 13]
[4176, 2870, 13]
[4176, 2872, 13]
[4176, 2873, 13]
[4176, 2874, 13]
[4176, 2876, 13]
[4176, 2877, 13]
[4176, 2879, 13]
[4176, 2880, 13]
[4176, 2881, 13]
[4176, 2882, 13]
[4176, 2883, 13]
[4176, 2885, 13]
[4176, 2886, 13]
[4176, 2887, 13]
[4176, 2888, 13]
[4176, 2889, 13]
[4176, 2890, 13]
[4176, 2891, 13]
[4176, 2892, 13]
[4176, 2893, 13]
[4176, 2895, 13]
[4176, 2896, 13]
[4176, 2897, 13]
[4176, 2898, 13]
[4176, 2900, 13]
[4176, 2901, 13]
[4176, 2902, 13]
[4176, 2903, 13]
[4176, 2905, 13]
[4176, 2906, 13]
[4176, 2907, 13]
[4176, 2908, 13]
[4176, 2909, 13]
[4176, 2910, 13]
[4176, 2911, 13]
[4176, 2913, 13]
[4176, 2914, 13]
[4176, 2915, 13]
[4176, 2918, 13]
[4176, 2919, 13]
[4176, 2920, 13]
[4176, 2921, 13]
[4176, 2922, 13]
[4176, 2923, 13]
[4176, 2930, 13]
[4176, 2931, 13]
[4176, 2932, 13]
[4176, 2933, 13]
[4176, 2935, 13]
[4176, 2936, 13]
[4176, 2937, 13]
[4176, 2938, 13]
[4176, 2939, 13]
[4176, 2940, 13]
[4176, 2941, 13]
[4176, 2942, 13]
[4176, 2943, 13]
[4176, 2944, 13]
[4176, 2945, 13]
[4176, 2946, 13]
[4176, 2947, 13]
[4176, 2948, 13]
[4176, 2949, 13]
[4176, 2950, 13]
[4176, 2951, 13]
[4176, 2952, 13]
[4176, 2953, 13]
[4176, 2954, 13]
[4176, 2955, 13]
[4176, 2956, 13]
[4176, 2957, 13]
[4176, 2958, 13]
[4176, 2960, 13]
[4176, 2961, 13]
[4176, 2963, 13]
[4176, 2964, 13]
[4176, 2965, 13]
[4176, 2967, 13]
[4176, 2968, 13]
[4176, 2969, 13]
[4176, 2971, 13]
[4176, 2972, 13]
[4176, 2975, 13]
[4176, 2976, 13]
[4176, 2977, 13]
[4176, 2979, 13]
[4176, 2980, 13]
[4176, 2981, 13]
[4176, 2982, 13]
[4176, 2983, 13]
[4176, 2985, 13]
[4176, 2986, 13]
[4176, 2987, 13]
[4176, 2988, 13]
[4176, 2989, 13]
[4176, 2990, 13]
[4176, 2991, 13]
[4176, 2992, 13]
[4176, 2994, 13]
[4176, 2995, 13]
[4176, 2996, 13]
[4176, 2997, 13]
[4176, 2998, 13]
[4176, 2999, 13]
[4176, 3000, 13]
[4176, 3001, 13]
[4176, 3002, 13]
[4176, 3106, 13]
[4176, 3107, 13]
[4176, 3109, 13]
[4176, 3112, 13]
[4176, 3113, 13]
[4176, 3114, 13]
[4177, 2718, 13]
[4177, 2719, 13]
[4177, 2724, 13]
[4177, 2726, 13]
[4177, 2727, 13]
[4177, 2728, 13]
[4177, 2729, 13]
[4177, 2730, 13]
[4177, 2731, 13]
[4177, 2732, 13]
[4177, 2735, 13]
[4177, 2741, 13]
[4177, 2743, 13]
[4177, 2750, 13]
[4177, 2751, 13]
[4177, 2752, 13]
[4177, 2754, 13]
[4177, 2755, 13]
[4177, 2756, 13]
[4177, 2758, 13]
[4177, 2759, 13]
[4177, 2764, 13]
[4177, 2768, 13]
[4177, 2769, 13]
[4177, 2770, 13]
[4177, 2771, 13]
[4177, 2772, 13]
[4177, 2774, 13]
[4177, 2777, 13]
[4177, 2779, 13]
[4177, 2782, 13]
[4177, 2784, 13]
[4177, 2787, 13]
[4177, 2788, 13]
[4177, 2789, 13]
[4177, 2791, 13]
[4177, 2793, 13]
[4177, 2794, 13]
[4177, 2796, 13]
[4177, 2799, 13]
[4177, 2800, 13]
[4177, 2801, 13]
[4177, 2802, 13]
[4177, 2805, 13]
[4177, 2807, 13]
[4177, 2809, 13]
[4177, 2811, 13]
[4177, 2812, 13]
[4177, 2814, 13]
[4177, 2815, 13]
[4177, 2817, 13]
[4177, 2818, 13]
[4177, 2820, 13]
[4177, 2823, 13]
[4177, 2825, 13]
[4177, 2826, 13]
[4177, 2827, 13]
[4177, 2828, 13]
[4177, 2829, 13]
[4177, 2833, 13]
[4177, 2835, 13]
[4177, 2836, 13]
[4177, 2838, 13]
[4177, 2842, 13]
[4177, 2843, 13]
[4177, 2844, 13]
[4177, 2857, 13]
[4177, 2859, 13]
[4177, 2860, 13]
[4177, 2862, 13]
[4177, 2866, 13]
[4177, 2868, 13]
[4177, 2874, 13]
[4177, 2876, 13]
[4177, 2877, 13]
[4177, 2879, 13]
[4177, 2883, 13]
[4177, 2884, 13]
[4177, 2885, 13]
[4177, 2886, 13]
[4177, 2890, 13]
[4177, 2892, 13]
[4177, 2893, 13]
[4177, 2894, 13]
[4177, 2895, 13]
[4177, 2896, 13]
[4177, 2898, 13]
[4177, 2899, 13]
[4177, 2900, 13]
[4177, 2903, 13]
[4177, 2904, 13]
[4177, 2905, 13]
[4177, 2909, 13]
[4177, 2911, 13]
[4177, 2933, 13]
[4177, 2934, 13]
[4177, 2935, 13]
[4177, 2941, 13]
[4177, 2943, 13]
[4177, 2949, 13]
[4177, 2951, 13]
[4177, 2952, 13]
[4177, 2955, 13]
[4177, 2957, 13]
[4177, 2960, 13]
[4177, 2962, 13]
[4177, 2963, 13]
[4177, 2965, 13]
[4177, 2969, 13]
[4177, 2970, 13]
[4177, 2972, 13]
[4177, 2983, 13]
[4177, 2984, 13]
[4177, 2985, 13]
[4177, 2988, 13]
[4177, 2990, 13]
[4177, 2992, 13]
[4177, 2994, 13]
[4177, 2996, 13]
[4177, 3002, 13]
[4178, 2715, 13]
[4178, 2716, 13]
[4178, 2719, 13]
[4178, 2724, 13]
[4178, 2725, 13]
[4178, 2726, 13]
[4178, 2727, 13]
[4178, 2729, 13]
[4178, 2732, 13]
[4178, 2733, 13]
[4178, 2735, 13]
[4178, 2741, 13]
[4178, 2742, 13]
[4178, 2743, 13]
[4178, 2756, 13]
[4178, 2757, 13]
[4178, 2758, 13]
[4178, 2764, 13]
[4178, 2765, 13]
[4178, 2766, 13]
[4178, 2767, 13]
[4178, 2768, 13]
[4178, 2772, 13]
[4178, 2773, 13]
[4178, 2774, 13]
[4178, 2775, 13]
[4178, 2776, 13]
[4178, 2777, 13]
[4178, 2779, 13]
[4178, 2780, 13]
[4178, 2781, 13]
[4178, 2782, 13]
[4178, 2783, 13]
[4178, 2784, 13]
[4178, 2791, 13]
[4178, 2792, 13]
[4178, 2793, 13]
[4178, 2796, 13]
[4178, 2797, 13]
[4178, 2798, 13]
[4178, 2799, 13]
[4178, 2802, 13]
[4178, 2803, 13]
[4178, 2804, 13]
[4178, 2805, 13]
[4178, 2806, 13]
[4178, 2807, 13]
[4178, 2809, 13]
[4178, 2810, 13]
[4178, 2811, 13]
[4178, 2812, 13]
[4178, 2813, 13]
[4178, 2814, 13]
[4178, 2815, 13]
[4178, 2816, 13]
[4178, 2817, 13]
[4178, 2818, 13]
[4178, 2819, 13]
[4178, 2820, 13]
[4178, 2823, 13]
[4178, 2824, 13]
[4178, 2825, 13]
[4178, 2833, 13]
[4178, 2834, 13]
[4178, 2835, 13]
[4178, 2836, 13]
[4178, 2837, 13]
[4178, 2838, 13]
[4178, 2857, 13]
[4178, 2858, 13]
[4178, 2859, 13]
[4178, 2860, 13]
[4178, 2861, 13]
[4178, 2862, 13]
[4178, 2866, 13]
[4178, 2867, 13]
[4178, 2868, 13]
[4178, 2874, 13]
[4178, 2875, 13]
[4178, 2876, 13]
[4178, 2877, 13]
[4178, 2878, 13]
[4178, 2879, 13]
[4178, 2886, 13]
[4178, 2887, 13]
[4178, 2888, 13]
[4178, 2889, 13]
[4178, 2890, 13]
[4178, 2891, 13]
[4178, 2892, 13]
[4178, 2896, 13]
[4178, 2897, 13]
[4178, 2898, 13]
[4178, 2909, 13]
[4178, 2910, 13]
[4178, 2911, 13]
[4178, 2941, 13]
[4178, 2942, 13]
[4178, 2943, 13]
[4178, 2949, 13]
[4178, 2950, 13]
[4178, 2951, 13]
[4178, 2952, 13]
[4178, 2953, 13]
[4178, 2954, 13]
[4178, 2955, 13]
[4178, 2956, 13]
[4178, 2957, 13]
[4178, 2960, 13]
[4178, 2961, 13]
[4178, 2962, 13]
[4178, 2963, 13]
[4178, 2964, 13]
[4178, 2965, 13]
[4178, 2970, 13]
[4178, 2971, 13]
[4178, 2972, 13]
[4178, 2988, 13]
[4178, 2989, 13]
[4178, 2990, 13]
[4178, 2992, 13]
[4178, 2993, 13]
[4178, 2994, 13]
[4178, 2995, 13]
[4178, 2996, 13]
[4178, 2999, 13]
[4178, 3000, 13]
[4178, 3001, 13]
[4178, 3002, 13]
[4179, 2714, 13]
[4179, 2715, 13]
[4179, 2716, 13]
[4179, 2717, 13]
[4179, 2718, 13]
[4179, 2719, 13]
[4179, 2727, 13]
[4179, 2728, 13]
[4179, 2729, 13]
[4179, 2733, 13]
[4179, 2734, 13]
[4179, 2735, 13]
[4179, 2999, 13]
[4180, 2711, 13]
[4180, 2712, 13]
[4180, 2713, 13]
[4180, 2714, 13]
[4180, 2999, 13]
[4181, 2711, 13]
[4181, 2997, 13]
[4181, 2998, 13]
[4181, 2999, 13]
[4182, 2711, 13]
[4182, 2859, 13]
[4182, 2860, 13]
[4182, 2861, 13]
[4182, 2997, 13]
[4182, 3098, 13]
[4182, 3099, 13]
[4182, 3100, 13]
[4182, 3101, 13]
[4182, 3102, 13]
[4182, 3103, 13]
[4182, 3104, 13]
[4183, 2711, 13]
[4183, 2859, 13]
[4183, 2861, 13]
[4183, 2997, 13]
[4183, 3098, 13]
[4183, 3104, 13]
[4184, 2704, 13]
[4184, 2705, 13]
[4184, 2706, 13]
[4184, 2707, 13]
[4184, 2708, 13]
[4184, 2709, 13]
[4184, 2710, 13]
[4184, 2711, 13]
[4184, 2859, 13]
[4184, 2860, 13]
[4184, 2861, 13]
[4184, 2997, 13]
[4184, 3098, 13]
[4184, 3104, 13]
[4185, 2704, 13]
[4185, 2997, 13]
[4185, 3098, 13]
[4185, 3104, 13]
[4186, 2704, 13]
[4186, 2994, 13]
[4186, 2995, 13]
[4186, 2996, 13]
[4186, 2997, 13]
[4186, 3098, 13]
[4186, 3104, 13]
[4187, 2704, 13]
[4187, 2994, 13]
[4187, 3098, 13]
[4187, 3104, 13]
[4188, 2704, 13]
[4188, 2802, 13]
[4188, 2803, 13]
[4188, 2804, 13]
[4188, 2805, 13]
[4188, 2994, 13]
[4188, 2995, 13]
[4188, 2996, 13]
[4188, 2997, 13]
[4188, 3096, 13]
[4188, 3097, 13]
[4188, 3098, 13]
[4188, 3104, 13]
[4188, 3105, 13]
[4188, 3106, 13]
[4189, 2704, 13]
[4189, 2802, 13]
[4189, 2805, 13]
[4189, 2997, 13]
[4189, 3096, 13]
[4189, 3097, 13]
[4189, 3098, 13]
[4189, 3106, 13]
[4190, 2701, 13]
[4190, 2702, 13]
[4190, 2703, 13]
[4190, 2704, 13]
[4190, 2802, 13]
[4190, 2803, 13]
[4190, 2804, 13]
[4190, 2805, 13]
[4190, 2997, 13]
[4190, 3098, 13]
[4190, 3106, 13]
[4191, 2701, 13]
[4191, 2997, 13]
[4191, 3098, 13]
[4191, 3102, 13]
[4191, 3103, 13]
[4191, 3104, 13]
[4191, 3105, 13]
[4191, 3106, 13]
[4192, 2698, 13]
[4192, 2699, 13]
[4192, 2700, 13]
[4192, 2701, 13]
[4192, 2702, 13]
[4192, 2703, 13]
[4192, 2704, 13]
[4192, 2705, 13]
[4192, 2706, 13]
[4192, 2707, 13]
[4192, 2708, 13]
[4192, 2709, 13]
[4192, 2710, 13]
[4192, 2711, 13]
[4192, 2712, 13]
[4192, 2713, 13]
[4192, 2714, 13]
[4192, 2715, 13]
[4192, 2716, 13]
[4192, 2717, 13]
[4192, 2718, 13]
[4192, 2719, 13]
[4192, 2720, 13]
[4192, 2721, 13]
[4192, 2722, 13]
[4192, 2723, 13]
[4192, 2724, 13]
[4192, 2725, 13]
[4192, 2726, 13]
[4192, 2727, 13]
[4192, 2728, 13]
[4192, 2729, 13]
[4192, 2730, 13]
[4192, 2731, 13]
[4192, 2732, 13]
[4192, 2733, 13]
[4192, 2734, 13]
[4192, 2735, 13]
[4192, 2736, 13]
[4192, 2737, 13]
[4192, 2738, 13]
[4192, 2739, 13]
[4192, 2740, 13]
[4192, 2741, 13]
[4192, 2742, 13]
[4192, 2743, 13]
[4192, 2744, 13]
[4192, 2745, 13]
[4192, 2746, 13]
[4192, 2747, 13]
[4192, 2748, 13]
[4192, 2749, 13]
[4192, 2750, 13]
[4192, 2751, 13]
[4192, 2752, 13]
[4192, 2753, 13]
[4192, 2754, 13]
[4192, 2755, 13]
[4192, 2756, 13]
[4192, 2757, 13]
[4192, 2758, 13]
[4192, 2759, 13]
[4192, 2760, 13]
[4192, 2761, 13]
[4192, 2762, 13]
[4192, 2763, 13]
[4192, 2764, 13]
[4192, 2765, 13]
[4192, 2766, 13]
[4192, 2767, 13]
[4192, 2768, 13]
[4192, 2769, 13]
[4192, 2770, 13]
[4192, 2771, 13]
[4192, 2772, 13]
[4192, 2773, 13]
[4192, 2774, 13]
[4192, 2775, 13]
[4192, 2776, 13]
[4192, 2777, 13]
[4192, 2778, 13]
[4192, 2779, 13]
[4192, 2780, 13]
[4192, 2781, 13]
[4192, 2782, 13]
[4192, 2783, 13]
[4192, 2784, 13]
[4192, 2785, 13]
[4192, 2786, 13]
[4192, 2787, 13]
[4192, 2788, 13]
[4192, 2789, 13]
[4192, 2790, 13]
[4192, 2791, 13]
[4192, 2792, 13]
[4192, 2793, 13]
[4192, 2794, 13]
[4192, 2795, 13]
[4192, 2796, 13]
[4192, 2797, 13]
[4192, 2798, 13]
[4192, 2799, 13]
[4192, 2800, 13]
[4192, 2801, 13]
[4192, 2802, 13]
[4192, 2803, 13]
[4192, 2804, 13]
[4192, 2805, 13]
[4192, 2806, 13]
[4192, 2807, 13]
[4192, 2808, 13]
[4192, 2809, 13]
[4192, 2810, 13]
[4192, 2811, 13]
[4192, 2812, 13]
[4192, 2813, 13]
[4192, 2814, 13]
[4192, 2815, 13]
[4192, 2816, 13]
[4192, 2817, 13]
[4192, 2818, 13]
[4192, 2819, 13]
[4192, 2820, 13]
[4192, 2821, 13]
[4192, 2822, 13]
[4192, 2823, 13]
[4192, 2824, 13]
[4192, 2825, 13]
[4192, 2826, 13]
[4192, 2827, 13]
[4192, 2828, 13]
[4192, 2829, 13]
[4192, 2830, 13]
[4192, 2831, 13]
[4192, 2832, 13]
[4192, 2833, 13]
[4192, 2834, 13]
[4192, 2835, 13]
[4192, 2836, 13]
[4192, 2837, 13]
[4192, 2838, 13]
[4192, 2839, 13]
[4192, 2840, 13]
[4192, 2841, 13]
[4192, 2842, 13]
[4192, 2843, 13]
[4192, 2844, 13]
[4192, 2845, 13]
[4192, 2846, 13]
[4192, 2847, 13]
[4192, 2848, 13]
[4192, 2849, 13]
[4192, 2850, 13]
[4192, 2851, 13]
[4192, 2852, 13]
[4192, 2853, 13]
[4192, 2854, 13]
[4192, 2855, 13]
[4192, 2856, 13]
[4192, 2857, 13]
[4192, 2858, 13]
[4192, 2859, 13]
[4192, 2860, 13]
[4192, 2861, 13]
[4192, 2862, 13]
[4192, 2863, 13]
[4192, 2864, 13]
[4192, 2865, 13]
[4192, 2866, 13]
[4192, 2867, 13]
[4192, 2868, 13]
[4192, 2869, 13]
[4192, 2870, 13]
[4192, 2871, 13]
[4192, 2872, 13]
[4192, 2873, 13]
[4192, 2874, 13]
[4192, 2875, 13]
[4192, 2876, 13]
[4192, 2877, 13]
[4192, 2878, 13]
[4192, 2879, 13]
[4192, 2880, 13]
[4192, 2881, 13]
[4192, 2882, 13]
[4192, 2883, 13]
[4192, 2884, 13]
[4192, 2885, 13]
[4192, 2886, 13]
[4192, 2887, 13]
[4192, 2888, 13]
[4192, 2889, 13]
[4192, 2890, 13]
[4192, 2891, 13]
[4192, 2892, 13]
[4192, 2893, 13]
[4192, 2894, 13]
[4192, 2895, 13]
[4192, 2896, 13]
[4192, 2897, 13]
[4192, 2898, 13]
[4192, 2899, 13]
[4192, 2900, 13]
[4192, 2901, 13]
[4192, 2902, 13]
[4192, 2903, 13]
[4192, 2904, 13]
[4192, 2905, 13]
[4192, 2906, 13]
[4192, 2907, 13]
[4192, 2908, 13]
[4192, 2909, 13]
[4192, 2910, 13]
[4192, 2911, 13]
[4192, 2912, 13]
[4192, 2913, 13]
[4192, 2914, 13]
[4192, 2915, 13]
[4192, 2916, 13]
[4192, 2917, 13]
[4192, 2918, 13]
[4192, 2919, 13]
[4192, 2920, 13]
[4192, 2921, 13]
[4192, 2922, 13]
[4192, 2923, 13]
[4192, 2924, 13]
[4192, 2925, 13]
[4192, 2926, 13]
[4192, 2927, 13]
[4192, 2928, 13]
[4192, 2929, 13]
[4192, 2930, 13]
[4192, 2931, 13]
[4192, 2932, 13]
[4192, 2933, 13]
[4192, 2934, 13]
[4192, 2935, 13]
[4192, 2936, 13]
[4192, 2937, 13]
[4192, 2938, 13]
[4192, 2939, 13]
[4192, 2940, 13]
[4192, 2941, 13]
[4192, 2942, 13]
[4192, 2943, 13]
[4192, 2944, 13]
[4192, 2945, 13]
[4192, 2946, 13]
[4192, 2947, 13]
[4192, 2948, 13]
[4192, 2949, 13]
[4192, 2950, 13]
[4192, 2951, 13]
[4192, 2952, 13]
[4192, 2953, 13]
[4192, 2954, 13]
[4192, 2955, 13]
[4192, 2956, 13]
[4192, 2957, 13]
[4192, 2958, 13]
[4192, 2959, 13]
[4192, 2960, 13]
[4192, 2961, 13]
[4192, 2962, 13]
[4192, 2963, 13]
[4192, 2964, 13]
[4192, 2965, 13]
[4192, 2966, 13]
[4192, 2967, 13]
[4192, 2968, 13]
[4192, 2969, 13]
[4192, 2970, 13]
[4192, 2971, 13]
[4192, 2972, 13]
[4192, 2973, 13]
[4192, 2974, 13]
[4192, 2975, 13]
[4192, 2976, 13]
[4192, 2977, 13]
[4192, 2978, 13]
[4192, 2979, 13]
[4192, 2980, 13]
[4192, 2981, 13]
[4192, 2982, 13]
[4192, 2983, 13]
[4192, 2984, 13]
[4192, 2985, 13]
[4192, 2986, 13]
[4192, 2987, 13]
[4192, 2988, 13]
[4192, 2989, 13]
[4192, 2990, 13]
[4192, 2991, 13]
[4192, 2992, 13]
[4192, 2993, 13]
[4192, 2994, 13]
[4192, 2995, 13]
[4192, 2996, 13]
[4192, 2997, 13]
[4192, 3098, 13]
[4192, 3099, 13]
[4192, 3100, 13]
[4192, 3101, 13]
[4192, 3102, 13]
